[    0.000000] Linux version 4.15.0-212-generic (buildd@lcy02-amd64-083) (gcc version 7.5.0 (Ubuntu 7.5.0-3ubuntu1~18.04)) #223-Ubuntu SMP Tue May 23 13:09:22 UTC 2023 (Ubuntu 4.15.0-212.223-generic 4.15.18)
[    0.000000] Command line: BOOT_IMAGE=/boot/vmlinuz-4.15.0-212-generic root=LABEL=cloudimg-rootfs ro console=tty1 console=ttyS0
[    0.000000] KERNEL supported cpus:
[    0.000000]   Intel GenuineIntel
[    0.000000]   AMD AuthenticAMD
[    0.000000]   Centaur CentaurHauls
[    0.000000] x86/fpu: x87 FPU will use FXSAVE
[    0.000000] e820: BIOS-provided physical RAM map:
[    0.000000] BIOS-e820: [mem 0x0000000000000000-0x000000000009fbff] usable
[    0.000000] BIOS-e820: [mem 0x000000000009fc00-0x000000000009ffff] reserved
[    0.000000] BIOS-e820: [mem 0x00000000000f0000-0x00000000000fffff] reserved
[    0.000000] BIOS-e820: [mem 0x0000000000100000-0x000000003ffeffff] usable
[    0.000000] BIOS-e820: [mem 0x000000003fff0000-0x000000003fffffff] ACPI data
[    0.000000] BIOS-e820: [mem 0x00000000fec00000-0x00000000fec00fff] reserved
[    0.000000] BIOS-e820: [mem 0x00000000fee00000-0x00000000fee00fff] reserved
[    0.000000] BIOS-e820: [mem 0x00000000fffc0000-0x00000000ffffffff] reserved
[    0.000000] NX (Execute Disable) protection: active
[    0.000000] SMBIOS 2.5 present.
[    0.000000] DMI: innotek GmbH VirtualBox/VirtualBox, BIOS VirtualBox 12/01/2006
[    0.000000] Hypervisor detected: KVM
[    0.000000] e820: last_pfn = 0x3fff0 max_arch_pfn = 0x400000000
[    0.000000] x86/PAT: Configuration [0-7]: WB  WC  UC- UC  WB  WP  UC- WT  
[    0.000000] CPU MTRRs all blank - virtualized system.
[    0.000000] found SMP MP-table at [mem 0x0009fbf0-0x0009fbff]
[    0.000000] Scanning 1 areas for low memory corruption
[    0.000000] RAMDISK: [mem 0x359cb000-0x36cdcfff]
[    0.000000] ACPI: Early table checksum verification disabled
[    0.000000] ACPI: RSDP 0x00000000000E0000 000024 (v02 VBOX  )
[    0.000000] ACPI: XSDT 0x000000003FFF0030 00003C (v01 VBOX   VBOXXSDT 00000001 ASL  00000061)
[    0.000000] ACPI: FACP 0x000000003FFF00F0 0000F4 (v04 VBOX   VBOXFACP 00000001 ASL  00000061)
[    0.000000] ACPI: DSDT 0x000000003FFF0610 002353 (v02 VBOX   VBOXBIOS 00000002 INTL 20100528)
[    0.000000] ACPI: FACS 0x000000003FFF0200 000040
[    0.000000] ACPI: FACS 0x000000003FFF0200 000040
[    0.000000] ACPI: APIC 0x000000003FFF0240 00005C (v02 VBOX   VBOXAPIC 00000001 ASL  00000061)
[    0.000000] ACPI: SSDT 0x000000003FFF02A0 00036C (v01 VBOX   VBOXCPUT 00000002 INTL 20100528)
[    0.000000] ACPI: Reserving FACP table memory at [mem 0x3fff00f0-0x3fff01e3]
[    0.000000] ACPI: Reserving DSDT table memory at [mem 0x3fff0610-0x3fff2962]
[    0.000000] ACPI: Reserving FACS table memory at [mem 0x3fff0200-0x3fff023f]
[    0.000000] ACPI: Reserving FACS table memory at [mem 0x3fff0200-0x3fff023f]
[    0.000000] ACPI: Reserving APIC table memory at [mem 0x3fff0240-0x3fff029b]
[    0.000000] ACPI: Reserving SSDT table memory at [mem 0x3fff02a0-0x3fff060b]
[    0.000000] No NUMA configuration found
[    0.000000] Faking a node at [mem 0x0000000000000000-0x000000003ffeffff]
[    0.000000] NODE_DATA(0) allocated [mem 0x3ffc5000-0x3ffeffff]
[    0.000000] kvm-clock: cpu 0, msr 0:3ff44001, primary cpu clock
[    0.000000] kvm-clock: Using msrs 4b564d01 and 4b564d00
[    0.000000] kvm-clock: using sched offset of 3707166005 cycles
[    0.000000] clocksource: kvm-clock: mask: 0xffffffffffffffff max_cycles: 0x1cd42e4dffb, max_idle_ns: 881590591483 ns
[    0.000000] Zone ranges:
[    0.000000]   DMA      [mem 0x0000000000001000-0x0000000000ffffff]
[    0.000000]   DMA32    [mem 0x0000000001000000-0x000000003ffeffff]
[    0.000000]   Normal   empty
[    0.000000]   Device   empty
[    0.000000] Movable zone start for each node
[    0.000000] Early memory node ranges
[    0.000000]   node   0: [mem 0x0000000000001000-0x000000000009efff]
[    0.000000]   node   0: [mem 0x0000000000100000-0x000000003ffeffff]
[    0.000000] Reserved but unavailable: 104 pages
[    0.000000] Initmem setup node 0 [mem 0x0000000000001000-0x000000003ffeffff]
[    0.000000] ACPI: PM-Timer IO Port: 0x4008
[    0.000000] IOAPIC[0]: apic_id 2, version 32, address 0xfec00000, GSI 0-23
[    0.000000] ACPI: INT_SRC_OVR (bus 0 bus_irq 0 global_irq 2 dfl dfl)
[    0.000000] ACPI: INT_SRC_OVR (bus 0 bus_irq 9 global_irq 9 low level)
[    0.000000] Using ACPI (MADT) for SMP configuration information
[    0.000000] smpboot: Allowing 2 CPUs, 0 hotplug CPUs
[    0.000000] PM: Registered nosave memory: [mem 0x00000000-0x00000fff]
[    0.000000] PM: Registered nosave memory: [mem 0x0009f000-0x0009ffff]
[    0.000000] PM: Registered nosave memory: [mem 0x000a0000-0x000effff]
[    0.000000] PM: Registered nosave memory: [mem 0x000f0000-0x000fffff]
[    0.000000] e820: [mem 0x40000000-0xfebfffff] available for PCI devices
[    0.000000] Booting paravirtualized kernel on KVM
[    0.000000] clocksource: refined-jiffies: mask: 0xffffffff max_cycles: 0xffffffff, max_idle_ns: 7645519600211568 ns
[    0.000000] setup_percpu: NR_CPUS:8192 nr_cpumask_bits:2 nr_cpu_ids:2 nr_node_ids:1
[    0.000000] percpu: Embedded 50 pages/cpu s167936 r8192 d28672 u1048576
[    0.000000] PV qspinlock hash table entries: 256 (order: 0, 4096 bytes)
[    0.000000] Built 1 zonelists, mobility grouping on.  Total pages: 257913
[    0.000000] Policy zone: DMA32
[    0.000000] Kernel command line: BOOT_IMAGE=/boot/vmlinuz-4.15.0-212-generic root=LABEL=cloudimg-rootfs ro console=tty1 console=ttyS0
[    0.000000] Memory: 982644K/1048120K available (12300K kernel code, 2477K rwdata, 4324K rodata, 2480K init, 2720K bss, 65476K reserved, 0K cma-reserved)
[    0.000000] SLUB: HWalign=64, Order=0-3, MinObjects=0, CPUs=2, Nodes=1
[    0.000000] ftrace: allocating 39508 entries in 155 pages
[    0.004000] Hierarchical RCU implementation.
[    0.004000] 	RCU restricting CPUs from NR_CPUS=8192 to nr_cpu_ids=2.
[    0.004000] 	Tasks RCU enabled.
[    0.004000] RCU: Adjusting geometry for rcu_fanout_leaf=16, nr_cpu_ids=2
[    0.004000] NR_IRQS: 524544, nr_irqs: 440, preallocated irqs: 16
[    0.004000] random: crng init done
[    0.004000] Console: colour VGA+ 80x25
[    0.004000] console [tty1] enabled
[    0.004000] console [ttyS0] enabled
[    0.004000] ACPI: Core revision 20170831
[    0.004000] ACPI: 2 ACPI AML tables successfully acquired and loaded
[    0.004000] APIC: Switch to symmetric I/O mode setup
[    0.004000] ..TIMER: vector=0x30 apic1=0 pin1=2 apic2=-1 pin2=-1
[    0.004000] tsc: Detected 2592.008 MHz processor
[    0.004000] Calibrating delay loop (skipped) preset value.. 5184.01 BogoMIPS (lpj=10368032)
[    0.004000] pid_max: default: 32768 minimum: 301
[    0.004084] Security Framework initialized
[    0.008003] Yama: becoming mindful.
[    0.012075] AppArmor: AppArmor initialized
[    0.020589] Dentry cache hash table entries: 131072 (order: 8, 1048576 bytes)
[    0.028178] Inode-cache hash table entries: 65536 (order: 7, 524288 bytes)
[    0.032064] Mount-cache hash table entries: 2048 (order: 2, 16384 bytes)
[    0.036061] Mountpoint-cache hash table entries: 2048 (order: 2, 16384 bytes)
[    0.041864] Last level iTLB entries: 4KB 64, 2MB 8, 4MB 8
[    0.044002] Last level dTLB entries: 4KB 64, 2MB 0, 4MB 0, 1GB 4
[    0.048003] Spectre V1 : Mitigation: usercopy/swapgs barriers and __user pointer sanitization
[    0.052002] Spectre V2 : Mitigation: Enhanced IBRS
[    0.056002] Spectre V2 : Spectre v2 / SpectreRSB mitigation: Filling RSB on context switch
[    0.060004] Spectre V2 : Spectre v2 / PBRSB-eIBRS: Retire a single CALL on VMEXIT
[    0.064005] RETBleed: Mitigation: Enhanced IBRS
[    0.068003] Speculative Store Bypass: Vulnerable
[    0.072055] MMIO Stale Data: Vulnerable: Clear CPU buffers attempted, no microcode
[    0.076004] SRBDS: Unknown: Dependent on hypervisor status
[    0.084150] Freeing SMP alternatives memory: 36K
[    0.212188] APIC calibration not consistent with PM-Timer: 108ms instead of 100ms
[    0.216000] APIC delta adjusted to PM-Timer: 6287033 (6807396)
[    0.216358] smpboot: CPU0: Intel(R) Core(TM) i7-10750H CPU @ 2.60GHz (family: 0x6, model: 0xa5, stepping: 0x2)
[    0.220392] Performance Events: unsupported p6 CPU model 165 no PMU driver, software events only.
[    0.224100] Hierarchical SRCU implementation.
[    0.228641] NMI watchdog: Perf event create on CPU 0 failed with -2
[    0.232002] NMI watchdog: Perf NMI watchdog permanently disabled
[    0.236273] smp: Bringing up secondary CPUs ...
[    0.240267] x86: Booting SMP configuration:
[    0.243271] .... node  #0, CPUs:      #1
[    0.004000] kvm-clock: cpu 1, msr 0:3ff44041, secondary cpu clock
[    0.252000] TSC synchronization [CPU#0 -> CPU#1]:
[    0.252000] Measured 71159 cycles TSC warp between CPUs, turning off TSC clock.
[    0.252000] tsc: Marking TSC unstable due to check_tsc_sync_source failed
[    0.256238] smp: Brought up 1 node, 2 CPUs
[    0.260004] smpboot: Max logical packages: 1
[    0.263198] smpboot: Total of 2 processors activated (10368.03 BogoMIPS)
[    0.268453] devtmpfs: initialized
[    0.272110] x86/mm: Memory block size: 128MB
[    0.275308] evm: security.selinux
[    0.276003] evm: security.SMACK64
[    0.278400] evm: security.SMACK64EXEC
[    0.280002] evm: security.SMACK64TRANSMUTE
[    0.284002] evm: security.SMACK64MMAP
[    0.286609] evm: security.apparmor
[    0.288002] evm: security.ima
[    0.290186] evm: security.capability
[    0.292333] clocksource: jiffies: mask: 0xffffffff max_cycles: 0xffffffff, max_idle_ns: 7645041785100000 ns
[    0.296007] futex hash table entries: 512 (order: 3, 32768 bytes)
[    0.300273] pinctrl core: initialized pinctrl subsystem
[    0.304448] RTC time: 10:19:24, date: 11/10/24
[    0.309162] NET: Registered protocol family 16
[    0.312130] audit: initializing netlink subsys (disabled)
[    0.316227] audit: type=2000 audit(1731233969.473:1): state=initialized audit_enabled=0 res=1
[    0.324009] cpuidle: using governor ladder
[    0.328011] cpuidle: using governor menu
[    0.332085] ACPI: bus type PCI registered
[    0.336005] acpiphp: ACPI Hot Plug PCI Controller Driver version: 0.5
[    0.344511] PCI: Using configuration type 1 for base access
[    0.352377] HugeTLB registered 2.00 MiB page size, pre-allocated 0 pages
[    0.360479] ACPI: Added _OSI(Module Device)
[    0.364007] ACPI: Added _OSI(Processor Device)
[    0.368002] ACPI: Added _OSI(3.0 _SCP Extensions)
[    0.371511] ACPI: Added _OSI(Processor Aggregator Device)
[    0.372003] ACPI: Added _OSI(Linux-Dell-Video)
[    0.376003] ACPI: Added _OSI(Linux-Lenovo-NV-HDMI-Audio)
[    0.380002] ACPI: Added _OSI(Linux-HPI-Hybrid-Graphics)
[    0.384731] ACPI: Executed 1 blocks of module-level executable AML code
[    0.393890] ACPI: Interpreter enabled
[    0.396012] ACPI: (supports S0 S5)
[    0.398322] ACPI: Using IOAPIC for interrupt routing
[    0.400355] PCI: Using host bridge windows from ACPI; if necessary, use "pci=nocrs" and report a bug
[    0.404387] ACPI: Enabled 2 GPEs in block 00 to 07
[    0.417213] ACPI: PCI Root Bridge [PCI0] (domain 0000 [bus 00-ff])
[    0.420007] acpi PNP0A03:00: _OSC: OS supports [ASPM ClockPM Segments MSI]
[    0.424744] acpi PNP0A03:00: _OSC: not requesting OS control; OS requires [ExtendedConfig ASPM ClockPM MSI]
[    0.428014] acpi PNP0A03:00: fail to add MMCONFIG information, can't access extended PCI configuration space under this bridge.
[    0.432648] PCI host bridge to bus 0000:00
[    0.436004] pci_bus 0000:00: root bus resource [io  0x0000-0x0cf7 window]
[    0.440003] pci_bus 0000:00: root bus resource [io  0x0d00-0xffff window]
[    0.444003] pci_bus 0000:00: root bus resource [mem 0x000a0000-0x000bffff window]
[    0.448003] pci_bus 0000:00: root bus resource [mem 0x40000000-0xfdffffff window]
[    0.452004] pci_bus 0000:00: root bus resource [bus 00-ff]
[    0.463072] pci 0000:00:01.1: legacy IDE quirk: reg 0x10: [io  0x01f0-0x01f7]
[    0.464017] pci 0000:00:01.1: legacy IDE quirk: reg 0x14: [io  0x03f6]
[    0.468006] pci 0000:00:01.1: legacy IDE quirk: reg 0x18: [io  0x0170-0x0177]
[    0.472006] pci 0000:00:01.1: legacy IDE quirk: reg 0x1c: [io  0x0376]
[    0.496547] pci 0000:00:07.0: quirk: [io  0x4000-0x403f] claimed by PIIX4 ACPI
[    0.500029] pci 0000:00:07.0: quirk: [io  0x4100-0x410f] claimed by PIIX4 SMB
[    0.510515] ACPI: PCI Interrupt Link [LNKA] (IRQs 5 9 10 *11)
[    0.512481] ACPI: PCI Interrupt Link [LNKB] (IRQs 5 9 *10 11)
[    0.516177] ACPI: PCI Interrupt Link [LNKC] (IRQs 5 *9 10 11)
[    0.520218] ACPI: PCI Interrupt Link [LNKD] (IRQs 5 9 10 *11)
[    0.524837] SCSI subsystem initialized
[    0.528169] pci 0000:00:02.0: vgaarb: setting as boot VGA device
[    0.532000] pci 0000:00:02.0: vgaarb: VGA device added: decodes=io+mem,owns=io+mem,locks=none
[    0.532004] pci 0000:00:02.0: vgaarb: bridge control possible
[    0.536002] vgaarb: loaded
[    0.538022] ACPI: bus type USB registered
[    0.540016] usbcore: registered new interface driver usbfs
[    0.544034] usbcore: registered new interface driver hub
[    0.548009] usbcore: registered new device driver usb
[    0.552198] EDAC MC: Ver: 3.0.0
[    0.556696] PCI: Using ACPI for IRQ routing
[    0.560570] NetLabel: Initializing
[    0.563065] NetLabel:  domain hash size = 128
[    0.564002] NetLabel:  protocols = UNLABELED CIPSOv4 CALIPSO
[    0.568024] NetLabel:  unlabeled traffic allowed by default
[    0.576277] clocksource: Switched to clocksource kvm-clock
[    0.617318] VFS: Disk quotas dquot_6.6.0
[    0.618585] VFS: Dquot-cache hash table entries: 512 (order 0, 4096 bytes)
[    0.618585] AppArmor: AppArmor Filesystem Enabled
[    0.618585] pnp: PnP ACPI init
[    0.618585] pnp: PnP ACPI: found 3 devices
[    0.672866] clocksource: acpi_pm: mask: 0xffffff max_cycles: 0xffffff, max_idle_ns: 2085701024 ns
[    0.680056] NET: Registered protocol family 2
[    0.683599] IP idents hash table entries: 16384 (order: 5, 131072 bytes)
[    0.689035] TCP established hash table entries: 8192 (order: 4, 65536 bytes)
[    0.695051] TCP bind hash table entries: 8192 (order: 5, 131072 bytes)
[    0.700469] TCP: Hash tables configured (established 8192 bind 8192)
[    0.703996] UDP hash table entries: 512 (order: 2, 16384 bytes)
[    0.703996] UDP-Lite hash table entries: 512 (order: 2, 16384 bytes)
[    0.703996] NET: Registered protocol family 1
[    0.703996] pci 0000:00:00.0: Limiting direct PCI/PCI transfers
[    0.703996] pci 0000:00:01.0: Activating ISA DMA hang workarounds
[    0.703996] pci 0000:00:02.0: Video device with shadowed ROM at [mem 0x000c0000-0x000dffff]
[    0.703996] Unpacking initramfs...
[    1.174653] Freeing initrd memory: 19528K
[    1.176395] clocksource: tsc: mask: 0xffffffffffffffff max_cycles: 0x255cbea3061, max_idle_ns: 440795313801 ns
[    1.185258] platform rtc_cmos: registered platform RTC device (no PNP device found)
[    1.191280] Scanning for low memory corruption every 60 seconds
[    1.197469] Initialise system trusted keyrings
[    1.200878] Key type blacklist registered
[    1.204622] workingset: timestamp_bits=36 max_order=18 bucket_order=0
[    1.211439] zbud: loaded
[    1.214760] squashfs: version 4.0 (2009/01/31) Phillip Lougher
[    1.220118] fuse init (API version 7.26)
[    1.241132] Key type asymmetric registered
[    1.244150] Asymmetric key parser 'x509' registered
[    1.247687] Block layer SCSI generic (bsg) driver version 0.4 loaded (major 246)
[    1.253702] io scheduler noop registered
[    1.256783] io scheduler deadline registered
[    1.260227] io scheduler cfq registered (default)
[    1.264387] ACPI: AC Adapter [AC] (on-line)
[    1.267511] input: Power Button as /devices/LNXSYSTM:00/LNXPWRBN:00/input/input0
[    1.273538] ACPI: Power Button [PWRF]
[    1.276896] input: Sleep Button as /devices/LNXSYSTM:00/LNXSLPBN:00/input/input1
[    1.282332] ACPI: Sleep Button [SLPF]
[    1.287479] ACPI: Battery Slot [BAT0] (battery present)
[    1.288428] Serial: 8250/16550 driver, 32 ports, IRQ sharing enabled
[    1.322810] 00:02: ttyS0 at I/O 0x3f8 (irq = 4, base_baud = 115200) is a 16550A
[    1.330859] Linux agpgart interface v0.103
[    1.339522] loop: module loaded
[    1.345298] scsi host0: ata_piix
[    1.349548] scsi host1: ata_piix
[    1.352402] ata1: PATA max UDMA/33 cmd 0x1f0 ctl 0x3f6 bmdma 0xd000 irq 14
[    1.357085] ata2: PATA max UDMA/33 cmd 0x170 ctl 0x376 bmdma 0xd008 irq 15
[    1.362568] tun: Universal TUN/TAP device driver, 1.6
[    1.366870] PPP generic driver version 2.4.2
[    1.371560] ehci_hcd: USB 2.0 'Enhanced' Host Controller (EHCI) Driver
[    1.376480] ehci-pci: EHCI PCI platform driver
[    1.379705] ehci-platform: EHCI generic platform driver
[    1.383914] ohci_hcd: USB 1.1 'Open' Host Controller (OHCI) Driver
[    1.388702] ohci-pci: OHCI PCI platform driver
[    1.392475] ohci-platform: OHCI generic platform driver
[    1.396452] uhci_hcd: USB Universal Host Controller Interface driver
[    1.401345] i8042: PNP: PS/2 Controller [PNP0303:PS2K,PNP0f03:PS2M] at 0x60,0x64 irq 1,12
[    1.410971] serio: i8042 KBD port at 0x60,0x64 irq 1
[    1.415135] serio: i8042 AUX port at 0x60,0x64 irq 12
[    1.419110] mousedev: PS/2 mouse device common for all mice
[    1.425097] input: AT Translated Set 2 keyboard as /devices/platform/i8042/serio0/input/input2
[    1.425497] rtc_cmos rtc_cmos: rtc core: registered rtc_cmos as rtc0
[    1.437414] rtc_cmos rtc_cmos: alarms up to one day, 114 bytes nvram
[    1.441927] i2c /dev entries driver
[    1.444554] device-mapper: uevent: version 1.0.3
[    1.448016] device-mapper: ioctl: 4.37.0-ioctl (2017-09-20) initialised: dm-devel@redhat.com
[    1.454891] ledtrig-cpu: registered to indicate activity on CPUs
[    1.461095] NET: Registered protocol family 10
[    1.474793] Segment Routing with IPv6
[    1.477797] NET: Registered protocol family 17
[    1.481564] Key type dns_resolver registered
[    1.485717] mce: Using 0 MCE banks
[    1.488784] RAS: Correctable Errors collector initialized.
[    1.492376] sched_clock: Marking stable (1488747603, 0)->(2097424544, -608676941)
[    1.502059] registered taskstats version 1
[    1.505421] Loading compiled-in X.509 certificates
[    1.513148] Loaded X.509 cert 'Build time autogenerated kernel key: b5b26778eaa3ab3a4a6cee031137706e947d12ad'
[    1.520880] Loaded X.509 cert 'Canonical Ltd. Live Patch Signing: 14df34d1a87cf37625abec039ef2bf521249b969'
[    1.552659] Loaded X.509 cert 'Canonical Ltd. Kernel Module Signing: 88f752e560a1e0737e31163a466ad7b70a850c19'
[    1.560134] blacklist: Loading compiled-in revocation X.509 certificates
[    1.565154] Loaded X.509 cert 'Canonical Ltd. Secure Boot Signing: 61482aa2830d0ab2ad5af10b7250da9033ddcef0'
[    1.572289] Loaded X.509 cert 'Canonical Ltd. Secure Boot Signing (2017): 242ade75ac4a15e50d50c84b0d45ff3eae707a03'
[    1.579639] Loaded X.509 cert 'Canonical Ltd. Secure Boot Signing (ESM 2018): 365188c1d374d6b07c3c8f240f8ef722433d6a8b'
[    1.587135] Loaded X.509 cert 'Canonical Ltd. Secure Boot Signing (2019): c0746fd6c5da3ae827864651ad66ae47fe24b3e8'
[    1.594275] Loaded X.509 cert 'Canonical Ltd. Secure Boot Signing (2021 v1): a8d54bbb3825cfb94fa13c9f8a594a195c107b8d'
[    1.601690] Loaded X.509 cert 'Canonical Ltd. Secure Boot Signing (2021 v2): 4cf046892d6fd3c9a5b03f98d845f90851dc6a8c'
[    1.609298] Loaded X.509 cert 'Canonical Ltd. Secure Boot Signing (2021 v3): 100437bb6de6e469b581e61cd66bce3ef4ed53af'
[    1.616659] Loaded X.509 cert 'Canonical Ltd. Secure Boot Signing (Ubuntu Core 2019): c1d57b8f6b743f23ee41f4f7ee292f06eecadfb9'
[    1.624656] zswap: loaded using pool lzo/zbud
[    1.636558] Key type big_key registered
[    1.639490] Key type trusted registered
[    1.645955] Key type encrypted registered
[    1.649028] AppArmor: AppArmor sha1 policy hashing enabled
[    1.653368] ima: No TPM chip found, activating TPM-bypass! (rc=-19)
[    1.657930] ima: Allocated hash algorithm: sha1
[    1.661498] evm: HMAC attrs: 0x1
[    1.664761]   Magic number: 0:114:325
[    1.667625] rtc_cmos rtc_cmos: setting system clock to 2024-11-10 10:19:25 UTC (1731233965)
[    1.673924] BIOS EDD facility v0.16 2004-Jun-25, 0 devices found
[    1.678402] EDD information not available.
[    1.685235] Freeing unused kernel image memory: 2480K
[    1.712213] Write protecting the kernel read-only data: 20480k
[    1.718015] Freeing unused kernel image memory: 2008K
[    1.722165] Freeing unused kernel image memory: 1820K
[    1.731975] x86/mm: Checked W+X mappings: passed, no W+X pages found.
Loading, please wait...
starting version 237
[    1.803650] Fusion MPT base driver 3.04.20
[    1.807204] Copyright (c) 1999-2008 LSI Corporation
[    1.817487] Fusion MPT SPI Host driver 3.04.20
[    1.821867] e1000: Intel(R) PRO/1000 Network Driver - version 7.3.21-k8-NAPI
[    1.827860] e1000: Copyright (c) 1999-2006 Intel Corporation.
[    1.832720] mptbase: ioc0: Initiating bringup
[    1.859340] SSE version of gcm_enc/dec engaged.
[    1.955560] ioc0: LSI53C1030 A0: Capabilities={Initiator}
[    2.113492] input: ImExPS/2 Generic Explorer Mouse as /devices/platform/i8042/serio1/input/input4
[    2.213513] scsi host2: ioc0: LSI53C1030 A0, FwRev=00000000h, Ports=1, MaxQ=256, IRQ=20
[    2.390171] scsi 2:0:0:0: Direct-Access     VBOX     HARDDISK         1.0  PQ: 0 ANSI: 5
[    2.428320] scsi target2:0:0: Beginning Domain Validation
[    2.501659] scsi target2:0:0: Domain Validation skipping write tests
[    2.506710] scsi target2:0:0: Ending Domain Validation
[    2.510885] scsi target2:0:0: asynchronous
[    2.515794] scsi 2:0:1:0: Direct-Access     VBOX     HARDDISK         1.0  PQ: 0 ANSI: 5
[    2.828189] scsi target2:0:1: Beginning Domain Validation
[    2.839239] scsi target2:0:1: Domain Validation skipping write tests
[    2.843655] scsi target2:0:1: Ending Domain Validation
[    2.847852] scsi target2:0:1: asynchronous
[    2.861511] sd 2:0:0:0: [sda] 83886080 512-byte logical blocks: (42.9 GB/40.0 GiB)
[    2.867722] sd 2:0:0:0: Attached scsi generic sg0 type 0
[    2.872213] sd 2:0:0:0: [sda] Write Protect is off
[    2.876752] sd 2:0:0:0: [sda] Incomplete mode parameter data
[    2.881063] sd 2:0:0:0: [sda] Assuming drive cache: write through
[    2.885667] sd 2:0:1:0: Attached scsi generic sg1 type 0
[    2.895244]  sda: sda1
[    2.898249] sd 2:0:1:0: [sdb] 20480 512-byte logical blocks: (10.5 MB/10.0 MiB)
[    2.899234] sd 2:0:0:0: [sda] Attached SCSI disk
[    2.908418] sd 2:0:1:0: [sdb] Write Protect is off
[    2.912160] sd 2:0:1:0: [sdb] Incomplete mode parameter data
[    2.916707] sd 2:0:1:0: [sdb] Assuming drive cache: write through
[    2.927157] sd 2:0:1:0: [sdb] Attached SCSI disk
[    3.025650] e1000 0000:00:03.0 eth0: (PCI:33MHz:32-bit) 02:3b:7b:b7:3b:2d
[    3.031477] e1000 0000:00:03.0 eth0: Intel(R) PRO/1000 Network Connection
[    3.038281] e1000 0000:00:03.0 enp0s3: renamed from eth0
Begin: Loading essential drivers ... [    4.777650] raid6: sse2x1   gen() 19707 MB/s
[    6.776489] raid6: sse2x1   xor() 188153 MB/s
[    7.777831] raid6: sse2x2   gen() 366199 MB/s
[    8.778818] raid6: sse2x2   xor() 228190 MB/s
[    9.779661] raid6: sse2x4   gen() 404632 MB/s
[    9.837511] raid6: sse2x4   xor() 12408 MB/s
[    9.841086] raid6: using algorithm sse2x4 gen() 404632 MB/s
[    9.845400] raid6: .... xor() 12408 MB/s, rmw enabled
[    9.849753] raid6: using ssse3x2 recovery algorithm
[    9.855892] xor: measuring software checksum speed
[    9.896651]    prefetch64-sse: 25056.000 MB/sec
[    9.937254]    generic_sse: 25297.000 MB/sec
[    9.942775] xor: using function: generic_sse (25297.000 MB/sec)
[    9.949348] async_tx: api initialized (async)
done.
Begin: Running /scripts/init-premount ... done.
Begin: Mounting root file system ... Begin: Running /scripts/local-top ... done.
Begin: Running /scripts/local-premount ... [   10.010152] Btrfs loaded, crc32c=crc32c-intel
Scanning for Btrfs filesystems
done.
Warning: fsck not present, so skipping root file system
[   10.059035] EXT4-fs (sda1): mounted filesystem with ordered data mode. Opts: (null)
done.
Begin: Running /scripts/local-bottom ... done.
Begin: Running /scripts/init-bottom ... done.
[   10.293098] ip_tables: (C) 2000-2006 Netfilter Core Team
[   10.312799] systemd[1]: systemd 237 running in system mode. (+PAM +AUDIT +SELINUX +IMA +APPARMOR +SMACK +SYSVINIT +UTMP +LIBCRYPTSETUP +GCRYPT +GNUTLS +ACL +XZ +LZ4 +SECCOMP +BLKID +ELFUTILS +KMOD -IDN2 +IDN -PCRE2 default-hierarchy=hybrid)
[   10.327233] systemd[1]: Detected virtualization oracle.
[   10.330979] systemd[1]: Detected architecture x86-64.

Welcome to [1mUbuntu 18.04.6 LTS[0m!

[   10.377034] systemd[1]: Set hostname to <ubuntu>.
[   10.386676] systemd[1]: Initializing machine ID from random generator.
[   10.391009] systemd[1]: Installed transient /etc/machine-id file.
[   10.664754] systemd[1]: Created slice User and Session Slice.
[[0;32m  OK  [0m] Created slice User and Session Slice.
[   10.670714] systemd[1]: Reached target User and Group Name Lookups.
[[0;32m  OK  [0m] Reached target User and Group Name Lookups.
[   10.676913] systemd[1]: Reached target Swap.
[[0;32m  OK  [0m] Reached target Swap.
[   10.681355] systemd[1]: Created slice System Slice.
[[0;32m  OK  [0m] Created slice System Slice.
[[0;32m  OK  [0m] Listening on /dev/initctl Compatibility Named Pipe.
[[0;32m  OK  [0m] Listening on Journal Socket.
         Mounting POSIX Message Queue File System...
         Mounting Huge Pages File System...
[[0;32m  OK  [0m] Listening on LVM2 metadata daemon socket.
[[0;32m  OK  [0m] Listening on fsck to fsckd communication Socket.
         Starting Set the console keyboard layout...
         Starting File System Check on Root Device...
[[0;32m  OK  [0m] Listening on udev Control Socket.
[[0;32m  OK  [0m] Listening on Journal Audit Socket.
         Starting Uncomplicated firewall...
[[0;32m  OK  [0m] Listening on Journal Socket (/dev/log).
[[0;32m  OK  [0m] Reached target System Time Synchronized.
         Starting Load Kernel Modules...
[[0;32m  OK  [0m] Listening on Network Service Netlink Socket.
[[0;32m  OK  [0m] Reached target Slices.
[[0;32m  OK  [0m] Listening on udev Kernel Socket.
[[0;32m  OK  [0m] Created slice system-serial\x2dgetty.slice.
[[0;32m  OK  [0m] Set up automount Arbitrary Executabâ€¦rmats File System Automount Point.
[   10.762193] Loading iSCSI transport class v2.0-870.
[   10.771591] iscsi: registered transport (tcp)
[[0;32m  OK  [0m] Listening on Device-mapper event daemon FIFOs.
         Mounting Kernel Debug File System...
[[0;32m  OK  [0m] Listening on LVM2 poll daemon socket.
         Starting Create list of required stâ€¦ce nodes for the current kernel...
         Starting udev Coldplug all Devices...
[[0;32m  OK  [0m] Started Forward Password Requests to Wall Directory Watch.
[[0;32m  OK  [0m] Listening on Syslog Socket.
         Starting Journal Service...
[[0;32m  OK  [0m] Reached target Mounting snaps.
[[0;32m  OK  [0m] Reached target Mounted snaps.
         Starting Monitoring of LVM2 mirrorsâ€¦ng dmeventd or progress polling...
[[0;32m  OK  [0m] Mounted POSIX Message Queue File System.
[[0;32m  OK  [0m] Mounted Huge Pages File System.
[[0;32m  OK  [0m] Started Uncomplicated firewall.
[[0;32m  OK  [0m] Mounted Kernel Debug File System.
[[0;32m  OK  [0m] Started File System Check Daemon to report status.
[[0;32m  OK  [0m] Started File System Check on Root Device.
         Starting Remount Root and Kernel File Systems...
[[0;32m  OK  [0m] Started Create list of required staâ€¦vice nodes for the current kernel.
         Starting Create Static Device Nodes in /dev...
[[0;32m  OK  [0m] Started LVM2 metadata daemon.
[[0;32m  OK  [0m] Started udev Coldplug all Devices.
[[0;32m  OK  [0m] Started Journal Service.
[   10.928978] iscsi: registered transport (iser)
[[0;32m  OK  [0m] Started Load Kernel Modules.
         Mounting FUSE Control File System...
         Mounting Kernel Configuration File System...
         Starting Apply Kernel Variables...
[[0;32m  OK  [0m] Mounted FUSE Control File System.
[[0;32m  OK  [0m] Mounted Kernel Configuration File System.
[[0;32m  OK  [0m] Started Create Static Device Nodes in /dev.
[   10.980987] EXT4-fs (sda1): re-mounted. Opts: (null)
[[0;32m  OK  [0m] Started Remount Root and Kernel File Systems.
         Starting Load/Save Random Seed...
         Starting Flush Journal to Persistent Storage...
         Starting udev Kernel Device Manager...
[[0;32m  OK  [0m] Started Load/Save Random Seed.
[[0;32m  OK  [0m] Started Monitoring of LVM2 mirrors,â€¦sing dmeventd or progress polling.
[[0;32m  OK  [0m] Started Apply Kernel Variables.
[[0;32m  OK  [0m] Started udev Kernel Device Manager.
[[0;32m  OK  [0m] Started Flush Journal to Persistent Storage.
[[0;32m  OK  [0m] Found device /dev/ttyS0.
[[0;32m  OK  [0m] Listening on Load/Save RF Kill Switch Status /dev/rfkill Watch.
[[0;32m  OK  [0m] Started Set the console keyboard layout.
[[0;32m  OK  [0m] Reached target Local File Systems (Pre).
[[0;32m  OK  [0m] Reached target Local File Systems.
         Starting Tell Plymouth To Write Out Runtime Data...
         Starting Commit a transient machine-id on disk...
         Starting ebtables ruleset management...
         Starting AppArmor initialization...
         Starting Create Volatile Files and Directories...
         Starting Set console font and keymap...
[[0;32m  OK  [0m] Started Dispatch Password Requests to Console Directory Watch.
[[0;32m  OK  [0m] Reached target Local Encrypted Volumes.
[[0;32m  OK  [0m] Started Tell Plymouth To Write Out Runtime Data.
[[0;32m  OK  [0m] Started Create Volatile Files and Directories.
         Starting Update UTMP about System Boot/Shutdown...
[[0;32m  OK  [0m] Started Update UTMP about System Boot/Shutdown.
[[0;32m  OK  [0m] Started Commit a transient machine-id on disk.
[[0;32m  OK  [0m] Started ebtables ruleset management.
         Mounting Arbitrary Executable File Formats File System...
[[0;32m  OK  [0m] Mounted Arbitrary Executable File Formats File System.
[[0;32m  OK  [0m] Started AppArmor initialization.
         Starting Initial cloud-init job (pre-networking)...
         Starting Load AppArmor profiles managed internally by snapd...
[[0;32m  OK  [0m] Started Load AppArmor profiles managed internally by snapd.
[[0;32m  OK  [0m] Started Set console font and keymap.
[   13.829664] cloud-init[765]: Cloud-init v. 23.1.2-0ubuntu0~18.04.1 running 'init-local' at Sun, 10 Nov 2024 10:19:37 +0000. Up 13.52 seconds.
[[0;32m  OK  [0m] Started Initial cloud-init job (pre-networking).
[[0;32m  OK  [0m] Reached target Network (Pre).
         Starting Network Service...
[[0;32m  OK  [0m] Started Network Service.
         Starting Wait for Network to be Configured...
         Starting Network Name Resolution...
[[0;32m  OK  [0m] Started Network Name Resolution.
[[0;32m  OK  [0m] Reached target Network.
[[0;32m  OK  [0m] Reached target Host and Network Name Lookups.
[[0;32m  OK  [0m] Started Wait for Network to be Configured.
         Starting Initial cloud-init job (metadata service crawler)...
[   15.985579] cloud-init[926]: Cloud-init v. 23.1.2-0ubuntu0~18.04.1 running 'init' at Sun, 10 Nov 2024 10:19:39 +0000. Up 15.87 seconds.
[   15.989125] cloud-init[926]: ci-info: ++++++++++++++++++++++++++++++++++++++Net device info++++++++++++++++++++++++++++++++++++++
[   15.992336] cloud-init[926]: ci-info: +--------+------+----------------------------+---------------+--------+-------------------+
[   15.995399] cloud-init[926]: ci-info: | Device |  Up  |          Address           |      Mask     | Scope  |     Hw-Address    |
[   15.998641] cloud-init[926]: ci-info: +--------+------+----------------------------+---------------+--------+-------------------+
[   16.002204] cloud-init[926]: ci-info: | enp0s3 | True |         10.0.2.15          | 255.255.255.0 | global | 02:3b:7b:b7:3b:2d |
[   16.005588] cloud-init[926]: ci-info: | enp0s3 | True | fd00::3b:7bff:feb7:3b2d/64 |       .       | global | 02:3b:7b:b7:3b:2d |
[   16.008675] cloud-init[926]: ci-info: | enp0s3 | True | fe80::3b:7bff:feb7:3b2d/64 |       .       |  link  | 02:3b:7b:b7:3b:2d |
[   16.011886] cloud-init[926]: ci-info: |   lo   | True |         127.0.0.1          |   255.0.0.0   |  host  |         .         |
[   16.015330] cloud-init[926]: ci-info: |   lo   | True |          ::1/128           |       .       |  host  |         .         |
[   16.018794] cloud-init[926]: ci-info: +--------+------+----------------------------+---------------+--------+-------------------+
[   16.022533] cloud-init[926]: ci-info: ++++++++++++++++++++++++++++Route IPv4 info+++++++++++++++++++++++++++++
[   16.025509] cloud-init[926]: ci-info: +-------+-------------+----------+-----------------+-----------+-------+
[   16.028286] cloud-init[926]: ci-info: | Route | Destination | Gateway  |     Genmask     | Interface | Flags |
[   16.032754] cloud-init[926]: ci-info: +-------+-------------+----------+-----------------+-----------+-------+
[   16.037321] cloud-init[926]: ci-info: |   0   |   0.0.0.0   | 10.0.2.2 |     0.0.0.0     |   enp0s3  |   UG  |
[   16.041735] cloud-init[926]: ci-info: |   1   |   10.0.2.0  | 0.0.0.0  |  255.255.255.0  |   enp0s3  |   U   |
[   16.046970] cloud-init[926]: ci-info: |   2   |   10.0.2.2  | 0.0.0.0  | 255.255.255.255 |   enp0s3  |   UH  |
[   16.052645] cloud-init[926]: ci-info: +-------+-------------+----------+-----------------+-----------+-------+
[   16.055183] cloud-init[926]: ci-info: +++++++++++++++++++Route IPv6 info+++++++++++++++++++
[   16.057404] cloud-init[926]: ci-info: +-------+-------------+---------+-----------+-------+
[   16.059724] cloud-init[926]: ci-info: | Route | Destination | Gateway | Interface | Flags |
[   16.061898] cloud-init[926]: ci-info: +-------+-------------+---------+-----------+-------+
[   16.064599] cloud-init[926]: ci-info: |   1   |  fd00::/64  |    ::   |   enp0s3  |   U   |
[   16.066833] cloud-init[926]: ci-info: |   2   |  fe80::/64  |    ::   |   enp0s3  |   U   |
[   16.069200] cloud-init[926]: ci-info: |   3   |     ::/0    | fe80::2 |   enp0s3  |   UG  |
[   16.071231] cloud-init[926]: ci-info: |   5   |    local    |    ::   |   enp0s3  |   U   |
[   16.073491] cloud-init[926]: ci-info: |   6   |   ff00::/8  |    ::   |   enp0s3  |   U   |
[   16.075604] cloud-init[926]: ci-info: +-------+-------------+---------+-----------+-------+
[   16.948848] cloud-init[926]: Generating public/private rsa key pair.
[   16.950798] cloud-init[926]: Your identification has been saved in /etc/ssh/ssh_host_rsa_key.
[   16.953355] cloud-init[926]: Your public key has been saved in /etc/ssh/ssh_host_rsa_key.pub.
[   16.956042] cloud-init[926]: The key fingerprint is:
[   16.957699] cloud-init[926]: SHA256:OpMnHE7j8rH3AxLKC1obAKYnDte7R6FW7tNBexc2pTI root@ubuntu-bionic
[   16.960415] cloud-init[926]: The key's randomart image is:
[   16.962077] cloud-init[926]: +---[RSA 2048]----+
[   16.963240] cloud-init[926]: |                 |
[   16.964591] cloud-init[926]: |..            .  |
[   16.966197] cloud-init[926]: |+  .         o   |
[   16.967672] cloud-init[926]: |= o . + . E =    |
[   16.969146] cloud-init[926]: |o= . *++S. + o   |
[   16.970789] cloud-init[926]: | .+ *=+=+ . .    |
[   16.972367] cloud-init[926]: | o =.=@o.+ .     |
[   16.973959] cloud-init[926]: |. . oo+Bo .      |
[   16.975194] cloud-init[926]: |     .oo ...     |
[   16.976979] cloud-init[926]: +----[SHA256]-----+
[   16.978261] cloud-init[926]: Generating public/private dsa key pair.
[   16.980220] cloud-init[926]: Your identification has been saved in /etc/ssh/ssh_host_dsa_key.
[   16.983173] cloud-init[926]: Your public key has been saved in /etc/ssh/ssh_host_dsa_key.pub.
[   16.985708] cloud-init[926]: The key fingerprint is:
[   16.987136] cloud-init[926]: SHA256:9LBhctZ8Oa54uowmKqXu3XIDxQfnlLwkvqGNnu/fwQY root@ubuntu-bionic
[   16.989652] cloud-init[926]: The key's randomart image is:
[   16.991170] cloud-init[926]: +---[DSA 1024]----+
[   16.992522] cloud-init[926]: |      . .        |
[   16.993806] cloud-init[926]: |     o * o   .   |
[   16.995100] cloud-init[926]: |    o O O o +    |
[   16.996628] cloud-init[926]: |     = X = o .   |
[   16.997817] cloud-init[926]: |    = +ES . .    |
[   16.999011] cloud-init[926]: |  .+ o  o. .     |
[   17.000419] cloud-init[926]: | o. o   .+o      |
[   17.001762] cloud-init[926]: |o .+oo.ooo.      |
[   17.013261] cloud-init[926]: |o+.o=*+.+o       |
[   17.014744] cloud-init[926]: +----[SHA256]-----+
[   17.016524] cloud-init[926]: Generating public/private ecdsa key pair.
[   17.018427] cloud-init[926]: Your identification has been saved in /etc/ssh/ssh_host_ecdsa_key.
[   17.020771] cloud-init[926]: Your public key has been saved in /etc/ssh/ssh_host_ecdsa_key.pub.
[   17.023133] cloud-init[926]: The key fingerprint is:
[   17.024666] cloud-init[926]: SHA256:VxR/RlVMwrIKllsDtiIN3DOl9bAM5TEpvkXCHRs9ed4 root@ubuntu-bionic
[   17.027205] cloud-init[926]: The key's randomart image is:
[   17.028783] cloud-init[926]: +---[ECDSA 256]---+
[   17.030073] cloud-init[926]: |   . o.+X+ .oo.oB|
[   17.031345] cloud-init[926]: |    o B**O+.o..o.|
[   17.032809] cloud-init[926]: |     +.B=+.+.+. o|
[   17.034279] cloud-init[926]: |    . + * o.o Eo |
[   17.035614] cloud-init[926]: |     . =S+.o     |
[   17.036905] cloud-init[926]: |      . ...      |
[   17.038451] cloud-init[926]: |                 |
[   17.039740] cloud-init[926]: |                 |
[   17.041030] cloud-init[926]: |                 |
[   17.042364] cloud-init[926]: +----[SHA256]-----+
[   17.043654] cloud-init[926]: Generating public/private ed25519 key pair.
[   17.045458] cloud-init[926]: Your identification has been saved in /etc/ssh/ssh_host_ed25519_key.
[   17.047703] cloud-init[926]: Your public key has been saved in /etc/ssh/ssh_host_ed25519_key.pub.
[   17.050233] cloud-init[926]: The key fingerprint is:
[   17.051573] cloud-init[926]: SHA256:D0o80gHDsToaj/Lz5ACS3U3ElVPe734Wduz3FumrL18 root@ubuntu-bionic
[   17.054032] cloud-init[926]: The key's randomart image is:
[   17.055502] cloud-init[926]: +--[ED25519 256]--+
[   17.056777] cloud-init[926]: |   .+o...o.      |
[   17.058026] cloud-init[926]: |    .=. o. .     |
[   17.059527] cloud-init[926]: |    . o  .. .    |
[   17.060807] cloud-init[926]: | o o = .     .   |
[   17.062056] cloud-init[926]: |= + o * S     ...|
[   17.063370] cloud-init[926]: |.* . o o o   . =o|
[   17.064697] cloud-init[926]: |+ o . .   .   +.E|
[   17.065944] cloud-init[926]: |...+         o .B|
[   17.067280] cloud-init[926]: |  .oo        .*B=|
[   17.068743] cloud-init[926]: +----[SHA256]-----+
[[0;32m  OK  [0m] Started Initial cloud-init job (metadata service crawler).
[[0;32m  OK  [0m] Reached target System Initialization.
[[0;32m  OK  [0m] Listening on D-Bus System Message Bus Socket.
[[0;32m  OK  [0m] Started Daily apt download activities.
[[0;32m  OK  [0m] Listening on Open-iSCSI iscsid Socket.
[[0;32m  OK  [0m] Started Message of the Day.
         Starting Socket activation for snappy daemon.
[[0;32m  OK  [0m] Listening on UUID daemon activation socket.
[[0;32m  OK  [0m] Listening on cloud-init hotplug hook socket.
[[0;32m  OK  [0m] Started Ubuntu Advantage Timer for running repeated jobs.
[[0;32m  OK  [0m] Listening on ACPID Listen Socket.
[[0;32m  OK  [0m] Started ACPI Events Check.
[[0;32m  OK  [0m] Reached target Paths.
         Starting LXD - unix socket.
[[0;32m  OK  [0m] Started Daily Cleanup of Temporary Directories.
[[0;32m  OK  [0m] Started Discard unused blocks once a week.
[[0;32m  OK  [0m] Started Daily apt upgrade and clean activities.
[[0;32m  OK  [0m] Reached target Timers.
[[0;32m  OK  [0m] Reached target Network is Online.
[[0;32m  OK  [0m] Reached target Remote File Systems (Pre).
[[0;32m  OK  [0m] Reached target Remote File Systems.
         Starting Availability of block devices...
[[0;32m  OK  [0m] Reached target Cloud-config availability.
[[0;32m  OK  [0m] Listening on Socket activation for snappy daemon.
[[0;32m  OK  [0m] Listening on LXD - unix socket.
[[0;32m  OK  [0m] Started Availability of block devices.
[[0;32m  OK  [0m] Reached target Sockets.
[[0;32m  OK  [0m] Reached target Basic System.
         Starting Accounts Service...
         Starting System Logging Service...
         Starting LXD - container startup/shutdown...
         Starting LSB: Record successful boot for GRUB...
[[0;32m  OK  [0m] Started Deferred execution scheduler.
         Starting Permit User Sessions...
         Starting Pollinate to seed the pseudo random number generator...
         Starting LSB: automatic crash report generation...
         Starting Dispatcher daemon for systemd-networkd...
[[0;32m  OK  [0m] Started D-Bus System Message Bus.
[[0;32m  OK  [0m] Started FUSE filesystem for LXC.
[[0;32m  OK  [0m] Started Regular background program processing daemon.
[[0;32m  OK  [0m] Started irqbalance daemon.
         Starting Virtualbox guest utils...
         Starting Login Service...
[[0;32m  OK  [0m] Reached target Login Prompts (Pre).
         Starting Snap Daemon...
[[0;32m  OK  [0m] Started System Logging Service.
[[0;32m  OK  [0m] Started LXD - container startup/shutdown.
[[0;32m  OK  [0m] Started Permit User Sessions.
[[0;32m  OK  [0m] Started LSB: automatic crash report generation.
[[0;32m  OK  [0m] Started LSB: Record successful boot for GRUB.
[[0;32m  OK  [0m] Started Dispatcher daemon for systemd-networkd.
[[0;32m  OK  [0m] Started Login Service.
[[0;32m  OK  [0m] Started Unattended Upgrades Shutdown.
         Starting Authorization Manager...
         Starting Hostname Service...
         Starting Hold until boot process finishes up...
         Starting Terminate Plymouth Boot Screen...
[[0;32m  OK  [0m] Started Hold until boot process finishes up.
         Starting Set console scheme...
[[0;32m  OK  [0m] Started Serial Getty on ttyS0.
[[0;32m  OK  [0m] Started Terminate Plymouth Boot Screen.
[[0;32m  OK  [0m] Started Authorization Manager.
[[0;32m  OK  [0m] Started Accounts Service.
[[0;32m  OK  [0m] Started Set console scheme.
[[0;32m  OK  [0m] Created slice system-getty.slice.
[[0;32m  OK  [0m] Started Getty on tty1.
[[0;32m  OK  [0m] Reached target Login Prompts.
[[0;32m  OK  [0m] Started Hostname Service.
[[0;32m  OK  [0m] Started Virtualbox guest utils.
[[0;32m  OK  [0m] Started Snap Daemon.
         Starting Wait until snapd is fully seeded...
         Starting Time & Date Service...
[[0;32m  OK  [0m] Started Time & Date Service.
[[0;32m  OK  [0m] Started Wait until snapd is fully seeded.
         Starting Apply the settings specified in cloud-config...
[[0;32m  OK  [0m] Started Pollinate to seed the pseudo random number generator.
         Starting OpenBSD Secure Shell server...
[[0;32m  OK  [0m] Started OpenBSD Secure Shell server.
[   20.028032] cloud-init[1455]: Cloud-init v. 23.1.2-0ubuntu0~18.04.1 running 'modules:config' at Sun, 10 Nov 2024 10:19:43 +0000. Up 19.49 seconds.
[[0;32m  OK  [0m] Created slice User Slice of vagrant.
         Starting User Manager for UID 1000...
[[0;32m  OK  [0m] Started Session 1 of user vagrant.
[[0;32m  OK  [0m] Started Apply the settings specified in cloud-config.
[[0;32m  OK  [0m] Reached target Multi-User System.
[[0;32m  OK  [0m] Reached target Graphical Interface.
         Starting Execute cloud user/final scripts...
         Starting Update UTMP about System Runlevel Changes...
[[0;32m  OK  [0m] Started User Manager for UID 1000.
[[0;32m  OK  [0m] Started Update UTMP about System Runlevel Changes.
ci-info: no authorized SSH keys fingerprints found for user ubuntu.
<14>Nov 10 10:19:44 cloud-init: #############################################################
<14>Nov 10 10:19:44 cloud-init: -----BEGIN SSH HOST KEY FINGERPRINTS-----
<14>Nov 10 10:19:44 cloud-init: 1024 SHA256:9LBhctZ8Oa54uowmKqXu3XIDxQfnlLwkvqGNnu/fwQY root@ubuntu-bionic (DSA)
<14>Nov 10 10:19:44 cloud-init: 256 SHA256:VxR/RlVMwrIKllsDtiIN3DOl9bAM5TEpvkXCHRs9ed4 root@ubuntu-bionic (ECDSA)
<14>Nov 10 10:19:44 cloud-init: 256 SHA256:D0o80gHDsToaj/Lz5ACS3U3ElVPe734Wduz3FumrL18 root@ubuntu-bionic (ED25519)
<14>Nov 10 10:19:44 cloud-init: 2048 SHA256:OpMnHE7j8rH3AxLKC1obAKYnDte7R6FW7tNBexc2pTI root@ubuntu-bionic (RSA)
<14>Nov 10 10:19:44 cloud-init: -----END SSH HOST KEY FINGERPRINTS-----
<14>Nov 10 10:19:44 cloud-init: #############################################################
-----BEGIN SSH HOST KEY KEYS-----
ecdsa-sha2-nistp256 AAAAE2VjZHNhLXNoYTItbmlzdHAyNTYAAAAIbmlzdHAyNTYAAABBBNx4AdArDL1SAzXzZX4cl5j+76LULr4kYDliPPKGEEiNSuIoCUZEBBlUNKkcXNQ13vgJ0cWolcKuOQ6H6TlnnTo= root@ubuntu-bionic
ssh-ed25519 AAAAC3NzaC1lZDI1NTE5AAAAIM9fUPF8hOpo3i66KgN+hGWHmEM6qmDRsCEyWYnHXP2D root@ubuntu-bionic
ssh-rsa AAAAB3NzaC1yc2EAAAADAQABAAABAQDEq1n7B2lTOO5QRFlXOaIp4Cd93aOBYArqWU25RnAQ/KW/h52aspsdltU6xz/gcYcYj6xm0sz/CSTJghim4ReYLiSBImNlhf/7FksIB2y3uR1A/BW9Ulo/DUPf0jlQSVmcEKCCNyhAbF1SN8RmhShFfiVpMuhdNCDq4fkYrJBz7GoUqWCd2rGvjfu0ErOftDV/mNk/JSmIAnyNMs8KHfW2C6VVXvkliFL1/VdE+3lIr440/G3iIe6D/5mh9vlzuslSJnJbvwSEDRJT2lHX5ET/2WX/F8Qa85Zl7hG0ynpU8xrUfVmLQlEtMkX9vnLIhLk8VIpmjI3/xou3GXwu/+fN root@ubuntu-bionic
-----END SSH HOST KEY KEYS-----
[   20.914980] cloud-init[1580]: Cloud-init v. 23.1.2-0ubuntu0~18.04.1 running 'modules:final' at Sun, 10 Nov 2024 10:19:44 +0000. Up 20.63 seconds.
[   20.920267] cloud-init[1580]: Cloud-init v. 23.1.2-0ubuntu0~18.04.1 finished at Sun, 10 Nov 2024 10:19:44 +0000. Datasource DataSourceNoCloud [seed=/dev/sdb][dsmode=net].  Up 20.89 seconds
[[0;32m  OK  [0m] Started Execute cloud user/final scripts.
[[0;32m  OK  [0m] Reached target Cloud-init target.

Ubuntu 18.04.6 LTS ubuntu-bionic ttyS0

ubuntu-bionic login: 